[cc200] loaded 872 subjects (skipped 0), HC=547, ADHD=325
[cc200] site distribution: {np.int64(1): np.int64(240), np.int64(3): np.int64(88), np.int64(4): np.int64(65), np.int64(5): np.int64(225), np.int64(6): np.int64(104), np.int64(7): np.int64(96), np.int64(8): np.int64(54)}
T n=335
[T|Inatt] g050c5K60__W1      r_sc=+0.104 per_site={3: 0.2, 5: 0.158, 6: 0.228} dr2=+0.015 sex={0: 0.11050891408717228, 1: 0.08804719203960008}
[T|Inatt] g050c5K60__W2      r_sc=+0.099 per_site={3: 0.075, 5: 0.133, 6: 0.008} dr2=+0.009 sex={0: 0.13238680399370004, 1: 0.05647897812893035}
[T|Inatt] g080c3nat__W1      r_sc=+0.044 per_site={3: -0.037, 5: 0.027, 6: 0.116} dr2=-0.065 sex={0: 0.025893326058778473, 1: 0.05484546666480566}
[T|Inatt] g080c3nat__W2      r_sc=-0.143 per_site={3: -0.237, 5: -0.115, 6: -0.171} dr2=-0.209 sex={0: -0.20244640016373514, 1: -0.1230256951414516}
[T|Inatt] C1__tce            r_sc=-0.139 per_site={3: -0.168, 5: -0.152, 6: -0.189} dr2=-0.065 sex={0: -0.24094771112927657, 1: -0.06712930541021575}
[T|Hyper] g050c5K60__W1      r_sc=+0.110 per_site={3: 0.098, 5: 0.098, 6: 0.195} dr2=+0.005 sex={0: 0.20804789146017746, 1: 0.02254454969098288}
[T|Hyper] g050c5K60__W2      r_sc=-0.015 per_site={3: -0.108, 5: 0.035, 6: -0.047} dr2=-0.070 sex={0: 0.08308470940533137, 1: -0.0835730919432373}
[T|Hyper] g080c3nat__W1      r_sc=+0.000 per_site={3: -0.133, 5: 0.018, 6: -0.05} dr2=-0.122 sex={0: 0.03514240718871515, 1: -0.019676445158608346}
[T|Hyper] g080c3nat__W2      r_sc=-0.014 per_site={3: -0.141, 5: -0.008, 6: -0.031} dr2=-0.127 sex={0: -0.0837506492409454, 1: -0.0021240377179972876}
[T|Hyper] C1__tce            r_sc=-0.056 per_site={3: -0.057, 5: -0.085, 6: 0.018} dr2=-0.072 sex={0: -0.2447254344497175, 1: 0.08757850586030069}
A n=514
[A|Idx] g050c5K60__W1      r_sc=+0.093 per_site={1: 0.06, 3: 0.167, 5: 0.086} dr2=+0.009 sex={0: 0.1362798638912773, 1: 0.02564397936959175}
[A|Idx] g080c3nat__W1      r_sc=+0.071 per_site={1: 0.076, 3: 0.132, 5: 0.056} dr2=-0.030 sex={0: 0.06710480850244425, 1: 0.0414156626953653}

familywise nulls (200 perms each family) ...
  perm 50/200 (2s)
  perm 100/200 (3s)
  perm 150/200 (3s)
  perm 200/200 (4s)
  perm 50/200 (4s)
  perm 100/200 (4s)
  perm 150/200 (4s)
  perm 200/200 (5s)
[T|Inatt] g050c5K60__W1      r_sc=+0.104 fw_p=0.7413 dr2=+0.015 -> dead
[T|Inatt] g050c5K60__W2      r_sc=+0.099 fw_p=0.8109 dr2=+0.009 -> dead
[T|Inatt] g080c3nat__W1      r_sc=+0.044 fw_p=1.0000 dr2=-0.065 -> dead
[T|Inatt] g080c3nat__W2      r_sc=-0.143 fw_p=0.3085 dr2=-0.209 -> dead
[T|Inatt] C1__tce            r_sc=-0.139 fw_p=0.3284 dr2=-0.065 -> dead
[T|Hyper] g050c5K60__W1      r_sc=+0.110 fw_p=0.6617 dr2=+0.005 -> dead
[T|Hyper] g050c5K60__W2      r_sc=-0.015 fw_p=1.0000 dr2=-0.070 -> dead
[T|Hyper] g080c3nat__W1      r_sc=+0.000 fw_p=1.0000 dr2=-0.122 -> dead
[T|Hyper] g080c3nat__W2      r_sc=-0.014 fw_p=1.0000 dr2=-0.127 -> dead
[T|Hyper] C1__tce            r_sc=-0.056 fw_p=0.9950 dr2=-0.072 -> dead
[A|Idx] g050c5K60__W1      r_sc=+0.093 fw_p=0.1045 dr2=+0.009 -> dead
[A|Idx] g080c3nat__W1      r_sc=+0.071 fw_p=0.2587 dr2=-0.030 -> dead

DONE 5s -> gate2_batch2_results.json
